Bruce Lee,1.80,70 kg,30
Chavdar Spasov,1.60,45 kg,50
Kosta Trifonov,1.69,67 kg,30
Malcho Drebchev,1.50,49 kg,23
Pavel Todorov,1.70,75 kg,15
Teodor Slavov,1.73,74 kg,25
