Slavi Georgiev,1.89,87 kg,43
Derek Storm,1.95,93 kg,35
Vasil Simeonov,1.85,85 kg,33
Bruce Lee,1.80,70 kg,30
Lebron James,2.15,120 kg,29
Petyr Petrov,1.81,90 kg,20
Fluffy Notfat,1.75,100 kg,19
