Acer,8
Apple,8
Asus,4
HP,9
Lenovo,5
Samsung,7
Sony,9
