Subtitles downloaded from www.OpenSubtitles.org
Awkward silence.
Sheldon on his phone.
No touching.
Somebody's having date night.
It's actually steamier
Sheldon's looking up the phallic
in Renaissance paintings.
Oh, no, I got bored
I'm just browsing
How do you
and take him right here
If you do that, I'll scream.
Sheldon, I have some
That makes two of us.
My new cuticle scissors
in one to two business days.
Come on, one.
I've been invited to
at your university
Isn't that great?
We could have lunch together.
We could carpool.
You know, riding with Leonard
has gotten
Th-The only car game he ever
And he's terrible at it.
I always win.
So, you're okay with this?
Well, why wouldn't I be?
Well, this project
in close proximity
And there's the vulgar adage
that one should not
My father used to say
That and, um, "Who does one
to get a drink around here?"
But what does that have to do
with you working
Sheldon, "Don't defecate
means don't have a
in the workplace.
Really?
Yes.
Huh.
Yeah, I always
That's why I have never
in this or any restaurant.
Hmm.
I'm relieved that you
with us working together.
Not as relieved
It's a brave new world,
♪ Our whole universe
♪ Then nearly 14 billion years
♪ The Earth began to cool
♪ The autotrophs began to drool,
♪ We built the Wall
♪ Math, Science, History,
♪ That all started
♪ Bang! ♪
♪ The Big Bang Theory 7x05 ♪
== sync, corrected by elderman ==
Are you crazy?
You don't want
your girlfriend
Hell Clam.
Why not?
Hairy Fairy.
I think it could be romantic.
You know, my parents met
Your father's a gynecologist.
I know.
What started as a pap smear
Which turned
which turned into marriage,
which continues to this day.
Two-Eyed Cyclops.
Would you please tell him
No, no, I think it'll be great.
Maybe next time he gets
she can hold his head and try
Giant baby.
That's a Raging Ogre.
Yeah, I know.
I'm just saying, I'd never want
Can you imagine seeing
and then you're
with them after work, too?
Hold on. We do
You and I work together
Yeah, I know, and it drove me
Bipolar Bear.
Well, I appreciate your concern,
but I won't be seeing any more
I assume we'll deduct
at work from our weekly quota.
Please let me be there
Why? So you can see the
when she hears
Please, oh, please,
So, Amy, what are you gonna
I'm leading a study to see
if deficiency of the
leads to paralyzing
Oh.
If they're anything like humans,
Wait, you've-you've done
You mean like death row inmates
No, that would be unethical.
You know,
but the monoamine oxidase enzyme
was discovered by a woman,
That's right.
My phone is just
Amy, Bernadette, Penny.
Amy, Bernadette,
Amy, Bernadette, Penny.
He's never gonna
I don't mind.
I'm hoping to put
to good use someday.
Hi. Um...
I've reconsidered.
Uh, you can't work
Enjoy the rest
Sheldon.
I-I already signed
I cashed a check.
Mmm... you are not going
to come out of
Sheldon,
I thought you said
Well, I was.
But that was before
how awful it would be
with his significant other.
He said what?
Now, don't be insulted.
He just thinks too much of you
Excuse me, I need to have
Yeah, well, now,
Fr-From what I gather,
So, are we good here?
No, we're not good here.
I am working on this project.
Yeah, and you can't tell her
Last week, you told Leonard
his Wookiee jacket
That's different.
I'm not going to the mall
dumb space bear.
Sheldon, you don't have to worry
I'll be in a different building.
And we don't even have
Really?
Yes. Before all things,
I'm just there to do my work
scare the living crap
Hmm.
You sure your mothlike
to this blazing fire
More and more sure.
Well, then, you
I didn't ask
Too late. No backsies.
No, no, listen to me.
What I meant was,
if we worked together,
there'd be too much
not the other way around.
Howard, if you're going
don't start the sentence
That's a dead giveaway.
Well?
Okay, fine.
I did say that,
I think if we worked together
we'd get sick of each other.
Yeah, but to be fair,
about him
For the love of God, why?!

What exactly do you
His only options here
or have a real one.
It-it's nothing
Is it my voice?
What...?
My arm is feeling numb.
Nailed it.
That's the wrong arm for
My point is, I'm sure
that would drive you crazy
with them all day long.
Like looking me in the
Oh, well, come on, I just...
Where am I supposed to
Find somewhere else 
Oh, Bernie...

If it makes you feel any better,
I mean, really good.
So, boys, how was
You guys jump on the bed
It wasn't a pajama party.
It was just a couple of bros
eating cookie dough
Please, stop talking.
As you wish.

I mean, you know, Sheldon,
if I hadn't tried
Uh, it also wouldn't
if, in the early universe,
hydrogen was a little more
This is fun. Your turn.
Gentlemen.
Hello.
That was kind of icy.
You two okay?
Oh, we're fine.
As Howard advised,
she's merely respecting our
Smart.
Take relationship advice
who spent last night
Yeah, you make
It would appear
Look at her, desperately wishing
she was over here
Don't worry, little moth.
The flame will come to you.
Oh, uh...
on the off chance that
and apologize,
about Mexican food
I-I don't know.
That's 'cause you always
And this is Dr. Gunderson
Ah, Sweden.
Yeah, home of my favorite Muppet
and, uh,

Okay, the Nordic reputation for
Boy, is his name Gunderson
Where are we going
Oh, please, I'm your boyfriend.
You call me Sheldon.
That's right,
with this cute little
Sheldon...
It's a physical
Hand-holding, hugging...
Ow.
Okay, here's a new one.
Apparently now
in the shin under the table.
How do you like it
Not so much, huh?

Test subject D7,
aka Betsy, fear response study.
Image number one: Frenchman
No visible reaction.
Image number two: sousaphone.
Still no reaction.
Okay.
Let's kick things up a notch.
Image number three: crocodile

Okay, now we're talking.
Dr. Fowler?
What do you want, Sheldon?
Well, I'm done
Oh, sorry, sorry, sorry.
Sorry. Uh...
Better?
Oh, baguettes.
Yes, I like baguettes.
What exactly
Determining baseline fear levels
by measuring their response
So, goofing off.
As I was saying, I'm done
So good news,
Play your cards right,
I'll let you drive me
past the lot
I can't leave now, Sheldon.
I'm very busy.
Besides, why would I want
after the way you treated
Image number four:
What on earth
My behavior
was delightful.
Maybe your friend
to head over
a sense of humor.
You embarrassed me
on my first day here.
Image number five:
kitten in a teacup.
Oh.
Oh... embarrassed you?
I don't have time for this.
I'm starting to get the sense
Really?
Couple things, actually.
Your tone of voice,
Get out.
Image number six:

It's 9:00.
Oh, I had to take
Fell asleep and missed my stop.
Oh, no.
Did you know that Los Angeles
I did not.
Well, I do... now.
They're a lovely people.
Although terrifying when you
If you're hungry, I brought home
some mutton and coconut milk.
Why'd you get that?
I was asking for directions.
Apparently, there was
I thought Amy was gonna
Yeah, I thought so, too,
but she's acting very strangely.
I was discussing it with
and he hypothesized
recently run across her shadow.
Although he may have just been
for his brother-in-law's
Okay, Sheldon, what happened
Well, can you believe
Yeah.
But you didn't
Sheldon...
I've known you
and I'm going
with all the love
Amy's right.
You're wrong.
But you don't even know...
Doesn't matter.
But, now, but in my defense...
You're not listening
Okay, fine, Sheldon.
Well...
Nope, got to go with

Shrimp was spicy.
You want a TUMS?
You got
No, if I buy those, I just
Tell me about it.
One time, I swear
I'll get it.
Hi.
Oh, hi.
I may have overreacted.
Yeah, well, I didn't
It's just sometimes I feel
with your friends
That's not true.
You spend all day
and then you all hang out
going to the comic book store.
Last week, you two got
So, when you said you wouldn't
with me, it really
Oh, wow.
Yeah, no, I get that.
I'm so sorry.
Starting tomorrow, I am
Time with you is my
Why tomorrow?
Well, we're real close
the new Batman game.
It is awesome.
Uh, you should probably
Should I go after you?
No!
Thanks for getting me
Amy.
Amy.
Amy.
Sheldon, what are you
I couldn't sleep
about what happened
Also, I had one heck
Oh, speaking of which,
do you want some mutton
No.
Well, I cannot give
What do you want?
Amy, this isn't easy to say.
All relationships are difficult,
but even more so
with a person who struggles
with everyday
And frankly...
who can strike some people
as being kind of a weirdo.
Sheldon...
you're not a weirdo.
I wasn't speaking about me.
I mean, honestly,
what will set you off.
You know, introducing
Giving you the opportunity
Breaking the ice
using ethnic humor,
What's your point?
My point is, we're a couple.
And...
I like you for who you are.
Quirks and all.
I like you, too.
Well, I should hope so.
I don't see anyone else
to put up with your nonsense.

Not even a good-bye?
You see,
that makes people
Poor kid.
She just doesn't see it.

I'm not apologizing
He can come beg me
Sheldon, too.
If I see him at work,
All right, don't worry.
He is gonna sit the guys down
Laser's warmed up.
Pull!
== sync, corrected by elderman ==
Best watched using Open Subtitles MKV Player
