chicken,meskomers,9.30,09/11/2013
eggs,meskomers,2.50,01/11/2013
milk,meskomers,0.90,20/11/2013
cheese,meskomers,3.90,10/11/2013
boar meat,mesokomers,10.50,29/11/2013
coffe,nova brazilia,3.50,30/11/2013
peppers,vege inc,5.00,05/11/2013
