Богомил Коларов,2013-09-30T15:44:57+00:00,1
Георги Пухалев,2013-09-29T20:29:20+00:00,1
Максимилиян Богданов,2013-09-29T22:23:49+00:00,1
Спас Спасов,2013-09-29T08:39:41+00:00,1
Стефан Стаменов,2013-09-29T11:51:11+00:00,1
