voda.jpeg,20
obicham_kotki.jpeg,80
mrazq_kucheta.jpeg,870
