Aleksandar Aleksandrov,No
Bojidar Nikolov,No
Dave Mustaine,Yes
Delcho Nedelchev,Yes
Georgi Ivanov,No
Marin Marinov,Yes
Nafarforii Nafarforov,No
Petar Peshov,No