Lidl,3.50
Fantastico,4.00
Kaufland,4.60
Billa,6.50