27/09/2013,comma_separated_values.csv,10
27/09/2013,head.c,13
27/09/2013,bank.csv,20
27/09/2013,jalt_kolan.rb,30
