Nafarforii Nafarforov,5.0
Georgi Ivanov,4.75
Aleksandar Aleksandrov,4.5
Petar Peshov,4.25
Delcho Nedelchev,4.0
Bojidar Nikolov,3.75
Marin Marinov,3.0
Dave Mustaine,2.25
