5.00,Georgi Ivanov,Nafarforii Nafarforov
4.50,Petar Peshov,Aleksandar Aleksandrov
4.00,Marin Marinov,Delcho Nedelchev
3.00,Bojidar Nikolov,Dave Mustaine
