boko123,TOO WEAK
grizis,TOO WEAK
4erepa,TOO SHORT
mrazq_da_programiram,TOO WEAK
tues,TOO SHORT
asdfh,TOO WEAK
monkey,TOO WEAK
boko,TOO SHORT
VeCtOr,TOO WEAK
CHELSEA,TOO WEAK
