chicken,meskomers,9.3,09/11/2013
cheese,meskomers,3.9,10/11/2013
eggs,meskomers,2.5,01/11/2013
milk,meskomers,0.9,20/11/2013
