1,thde,1
1,precisel,1
3,Thde,2
3,thde,3
3,thde,4
3,thde,5
3,beeen,1
3,creatted,1
3,thde,6
3,languagess,1
5,virtualize,1
5,Vietnamization,1
