Apple,Amd,8,8GB,1500GB,2798lv
Samsung,Amd,8,8GB,1500GB,2790lv
Acer,Intel,2,4GB,1500GB,2760lv
Acer,Amd,1,8GB,1500GB,2689lv
HP,Intel,2,16GB,1500GB,2275lv
Samsung,Amd,1,16GB,1500GB,2234lv
Sony,Intel,1,16GB,1500GB,2172lv
HP,Amd,4,1GB,1500GB,987lv
HP,Amd,4,16GB,1500GB,794lv
Sony,Amd,1,8GB,1500GB,758lv
Asus,Intel,4,16GB,1500GB,748lv
