14/10/2013,Renault,16.70,Aleksandyr Petrov
15/10/2013,Renault,23.43,Petar Grigorov
10/10/2013,Renault,24.00,Aleksandyr Petrov
14/10/2013,Renault,59.99,Marian Arianov
