Hey you,Pink Floyd,Rock,3.23
Coming back to life,Pink Floyd,Rock,3.31
Comfortably numb,Pink Floyd,Rock,3.45
On the turnin away,Pink Floyd,Rock,4.12
Wind of change,Scorpions,Rock,4.34
