Stefan Peichev,50
Stefan Petrov,35
Peicho Peichev,35
Petroslava Ivanova,25
