17,20:38
21,20:02
39,20:38
61,20:38
64,20:52
66,20:55
76,20:58
104,20:42
122,20:23
122,20:09
142,20:42
150,20:54
151,20:59
162,20:23
197,20:44
217,20:09
241,20:35
255,20:16
294,20:04
312,20:39
313,20:35
316,20:27
317,20:11
326,20:01
329,20:16
343,20:20
349,20:27
361,20:36
365,20:11
366,20:42
389,20:22
403,20:51
436,20:23
450,20:04
476,20:42
511,20:21
535,20:28
540,20:41
540,20:57
549,20:18
578,20:42
582,20:52
594,20:40
602,20:31
