Acer,Intel,2,4GB,1500GB,2760lv
Acer,Amd,8,4GB,500GB,1893lv
HP,Amd,4,4GB,2000GB,2716lv
HP,Intel,2,4GB,750GB,2009lv
Lenovo,Amd,2,4GB,1000GB,2702lv
Sony,Amd,8,4GB,250GB,2591lv
Sony,Amd,2,4GB,750GB,1079lv
Sony,Intel,8,4GB,2000GB,789lv
